INFO:root:  2024-09-03 21:16:25   api-logs: /iot/api/insert/temperature from 172.18.0.1
INFO:root:  2024-09-03 21:16:25   api-logs: Versuche Temperatur-Wert einzufügen
ERROR:root:  2024-09-03 21:16:25   api-logs: Wert der Temperatur stimmt nicht. Wert: 32000.0
ERROR:websockets.server:connection handler failed
Traceback (most recent call last):
  File "/usr/local/lib/python3.9/site-packages/websockets/legacy/protocol.py", line 955, in transfer_data
    message = await self.read_message()
  File "/usr/local/lib/python3.9/site-packages/websockets/legacy/protocol.py", line 1025, in read_message
    frame = await self.read_data_frame(max_size=self.max_size)
  File "/usr/local/lib/python3.9/site-packages/websockets/legacy/protocol.py", line 1100, in read_data_frame
    frame = await self.read_frame(max_size)
  File "/usr/local/lib/python3.9/site-packages/websockets/legacy/protocol.py", line 1157, in read_frame
    frame = await Frame.read(
  File "/usr/local/lib/python3.9/site-packages/websockets/legacy/framing.py", line 68, in read
    data = await reader(2)
  File "/usr/local/lib/python3.9/asyncio/streams.py", line 721, in readexactly
    raise exceptions.IncompleteReadError(incomplete, n)
asyncio.exceptions.IncompleteReadError: 0 bytes read on a total of 2 expected bytes

The above exception was the direct cause of the following exception:

Traceback (most recent call last):
  File "/usr/local/lib/python3.9/site-packages/websockets/legacy/server.py", line 245, in handler
    await self.ws_handler(self)
  File "/usr/local/lib/python3.9/site-packages/websockets/legacy/server.py", line 1188, in _ws_handler
    return await cast(
  File "/app/RedisMircoservie.py", line 29, in websocket_server
    async for message in websocket:
  File "/usr/local/lib/python3.9/site-packages/websockets/legacy/protocol.py", line 494, in __aiter__
    yield await self.recv()
  File "/usr/local/lib/python3.9/site-packages/websockets/legacy/protocol.py", line 564, in recv
    await self.ensure_open()
  File "/usr/local/lib/python3.9/site-packages/websockets/legacy/protocol.py", line 931, in ensure_open
    raise self.connection_closed_exc()
websockets.exceptions.ConnectionClosedError: no close frame received or sent
